==== System Metrics at 2025-12-28 12:50:36 ====
 12:50:36 up 58 min,  1 user,  load average: 0.00, 0.01, 0.00
               total        used        free      shared  buff/cache   available
Mem:           961Mi       169Mi       469Mi       0.0Ki       321Mi       615Mi
Swap:             0B          0B          0B
Filesystem      Size  Used Avail Use% Mounted on
devtmpfs        4.0M     0  4.0M   0% /dev
tmpfs           481M     0  481M   0% /dev/shm
tmpfs           193M  444K  192M   1% /run
/dev/xvda1      8.0G  1.8G  6.3G  22% /
tmpfs           481M     0  481M   0% /tmp
/dev/xvda128     10M  1.3M  8.7M  13% /boot/efi
tmpfs            97M     0   97M   0% /run/user/1000
USER         PID %CPU %MEM    VSZ   RSS TTY      STAT START   TIME COMMAND
root           1  0.1  1.7 107260 17452 ?        Ss   11:51   0:03 /usr/lib/systemd/systemd --switched-root --system --deserialize=32
root           2  0.0  0.0      0     0 ?        S    11:51   0:00 [kthreadd]
root           3  0.0  0.0      0     0 ?        I<   11:51   0:00 [rcu_gp]
root           4  0.0  0.0      0     0 ?        I<   11:51   0:00 [rcu_par_gp]
=================================
==== System Metrics at 2025-12-28 12:52:01 ====
 12:52:01 up  1:00,  1 user,  load average: 0.00, 0.00, 0.00
               total        used        free      shared  buff/cache   available
Mem:           961Mi       169Mi       469Mi       0.0Ki       322Mi       615Mi
Swap:             0B          0B          0B
Filesystem      Size  Used Avail Use% Mounted on
devtmpfs        4.0M     0  4.0M   0% /dev
tmpfs           481M     0  481M   0% /dev/shm
tmpfs           193M  452K  192M   1% /run
/dev/xvda1      8.0G  1.8G  6.3G  22% /
tmpfs           481M     0  481M   0% /tmp
/dev/xvda128     10M  1.3M  8.7M  13% /boot/efi
tmpfs            97M     0   97M   0% /run/user/1000
tmpfs            97M     0   97M   0% /run/user/0
USER         PID %CPU %MEM    VSZ   RSS TTY      STAT START   TIME COMMAND
root           1  0.0  1.7 107260 17452 ?        Ss   11:51   0:03 /usr/lib/systemd/systemd --switched-root --system --deserialize=32
root           2  0.0  0.0      0     0 ?        S    11:51   0:00 [kthreadd]
root           3  0.0  0.0      0     0 ?        I<   11:51   0:00 [rcu_gp]
root           4  0.0  0.0      0     0 ?        I<   11:51   0:00 [rcu_par_gp]
=================================
==== System Metrics at 2025-12-28 14:00:44 ====
 14:00:44 up  2:08,  1 user,  load average: 0.01, 0.02, 0.00
               total        used        free      shared  buff/cache   available
Mem:           961Mi       178Mi       453Mi       0.0Ki       329Mi       607Mi
Swap:             0B          0B          0B
Filesystem      Size  Used Avail Use% Mounted on
devtmpfs        4.0M     0  4.0M   0% /dev
tmpfs           481M     0  481M   0% /dev/shm
tmpfs           193M  444K  192M   1% /run
/dev/xvda1      8.0G  1.8G  6.3G  22% /
tmpfs           481M     0  481M   0% /tmp
/dev/xvda128     10M  1.3M  8.7M  13% /boot/efi
tmpfs            97M     0   97M   0% /run/user/1000
USER         PID %CPU %MEM    VSZ   RSS TTY      STAT START   TIME COMMAND
root           1  0.0  1.7 107260 17452 ?        Ss   11:51   0:06 /usr/lib/systemd/systemd --switched-root --system --deserialize=32
root           2  0.0  0.0      0     0 ?        S    11:51   0:00 [kthreadd]
root           3  0.0  0.0      0     0 ?        I<   11:51   0:00 [rcu_gp]
root           4  0.0  0.0      0     0 ?        I<   11:51   0:00 [rcu_par_gp]
=================================